{"lint": "LINT-1", "file": "content/cases/Chavez v. Martinez.md", "line": 59, "severity": "high", "message": "CL identity mismatch for cluster 127927: expected 'United States v. Verdugo-Urquidez' but cluster names 'Chavez v. Martinez' [L3]"}
{"lint": "LINT-1", "file": "content/cases/Draper v. United States.md", "line": 55, "severity": "high", "message": "CL identity mismatch for cluster 105820: expected 'Brinegar v. United States' but cluster names 'Draper v. United States' [L3]"}
{"lint": "LINT-1", "file": "content/cases/Sabbath v. United States.md", "line": 57, "severity": "high", "message": "CL identity mismatch for cluster 107718: expected 'Keiningham v. United States' but cluster names 'Sabbath v. United States' [L3]"}
{"lint": "LINT-1", "file": "content/cases/United States v. $8,850 in Currency.md", "line": 79, "severity": "high", "message": "CL identity mismatch for cluster 110936: expected 'Barker v. Wingo' but cluster names 'United States v. Eight Thousand Eight Hundred & Fifty Dollars' [L3]"}
{"lint": "LINT-1", "file": "content/cases/United States v. Drayton.md", "line": 55, "severity": "high", "message": "CL identity mismatch for cluster 121153: expected 'Florida v. Bostick' but cluster names 'United States v. Drayton' [L3]"}
{"lint": "LINT-1", "file": "content/cases/United States v. Gouveia.md", "line": 55, "severity": "high", "message": "CL identity mismatch for cluster 111193: expected 'Kirby v. Illinois' but cluster names 'United States v. Gouveia' [L3]"}
{"lint": "LINT-1", "file": "content/cases/United States v. Walker.md", "line": 55, "severity": "high", "message": "CL identity mismatch for cluster 2844024: expected 'United States v. Taylor' but cluster names 'United States v. Wayne Walker' [L3]"}
{"lint": "LINT-1", "file": "content/cases/Vernonia School District 47J v. Acton.md", "line": 73, "severity": "high", "message": "CL identity mismatch for cluster 117964: expected 'J v. Acton' but cluster names 'Vernonia School District 47J v. Acton' [L3]"}
{"lint": "LINT-1", "file": "content/legal-system-research-and-reference/Case Index.md", "line": 40, "severity": "high", "message": "CL identity mismatch for cluster 110119: expected 'California v. Acevedo' but cluster names 'Arkansas v. Sanders' [L3]"}
{"lint": "LINT-1", "file": "content/legal-system-research-and-reference/Case Index.md", "line": 46, "severity": "high", "message": "CL identity mismatch for cluster 820749: expected 'Michigan v. Summers' but cluster names 'Bailey v. United States' [L3]"}
{"lint": "LINT-1", "file": "content/legal-system-research-and-reference/Case Index.md", "line": 63, "severity": "high", "message": "CL identity mismatch for cluster 91573: expected 'Entick v. Carrington' but cluster names 'Boyd v. United States' [L3]"}
{"lint": "LINT-1", "file": "content/legal-system-research-and-reference/Case Index.md", "line": 190, "severity": "high", "message": "CL identity mismatch for cluster 99745: expected 'Warden v. Hayden' but cluster names 'Gouled v. United States' [L3]"}
{"lint": "LINT-1", "file": "content/legal-system-research-and-reference/Case Index.md", "line": 192, "severity": "high", "message": "CL identity mismatch for cluster 4900401: expected 'After Caniglia v. Strom' but cluster names 'Teresa Graham v. Shannon Barnette' [L3]"}
{"lint": "LINT-1", "file": "content/legal-system-research-and-reference/Case Index.md", "line": 199, "severity": "high", "message": "CL identity mismatch for cluster 1087699: expected 'Wilson v. Layne' but cluster names 'Hanlon v. Berger' [L3]"}
{"lint": "LINT-1", "file": "content/legal-system-research-and-reference/Case Index.md", "line": 238, "severity": "high", "message": "CL identity mismatch for cluster 106022: expected 'Rakas v. Illinois' but cluster names 'Jones v. United States' [L3]"}
{"lint": "LINT-1", "file": "content/legal-system-research-and-reference/Case Index.md", "line": 301, "severity": "high", "message": "CL identity mismatch for cluster 111622: expected 'Montejo v. Louisiana' but cluster names 'Michigan v. Jackson' [L3]"}
{"lint": "LINT-1", "file": "content/legal-system-research-and-reference/Case Index.md", "line": 348, "severity": "high", "message": "CL identity mismatch for cluster 10811625: expected 'Heck v. Humphrey' but cluster names 'Olivier v. City of Brandon' [L3]"}
{"lint": "LINT-1", "file": "content/legal-system-research-and-reference/Case Index.md", "line": 361, "severity": "high", "message": "CL identity mismatch for cluster 112152: expected 'Berkemer v. McCarty' but cluster names 'Pennsylvania v. Bruder' [L3]"}
{"lint": "LINT-1", "file": "content/legal-system-research-and-reference/Case Index.md", "line": 417, "severity": "high", "message": "CL identity mismatch for cluster 107831: expected 'Illinois v. Gates'' but cluster names 'Spinelli v. United States' [L3]"}
{"lint": "LINT-1", "file": "content/legal-system-research-and-reference/Case Index.md", "line": 421, "severity": "high", "message": "CL identity mismatch for cluster 5035127: expected 'Davis v. United States and' but cluster names 'State v. Demesme' [L3]"}
{"lint": "LINT-1", "file": "content/legal-system-research-and-reference/Case Index.md", "line": 429, "severity": "high", "message": "CL identity mismatch for cluster 8267547: expected 'Maryland v. Shatzer' but cluster names 'State v. Wint' [L3]"}
{"lint": "LINT-1", "file": "content/legal-system-research-and-reference/Case Index.md", "line": 447, "severity": "high", "message": "CL identity mismatch for cluster 134746: expected 'New York v. Belton's' but cluster names 'Thornton v. United States' [L3]"}
{"lint": "LINT-1", "file": "content/legal-system-research-and-reference/Case Index.md", "line": 453, "severity": "high", "message": "CL identity mismatch for cluster 110936: expected 'Barker v. Wingo' but cluster names 'United States v. Eight Thousand Eight Hundred & Fifty Dollars' [L3]"}
{"lint": "LINT-1", "file": "content/legal-system-research-and-reference/Case Index.md", "line": 476, "severity": "high", "message": "CL identity mismatch for cluster 2759861: expected 'Riley v. California' but cluster names 'United States v. Chad Camou' [L3]"}
{"lint": "LINT-1", "file": "content/legal-system-research-and-reference/Case Index.md", "line": 478, "severity": "high", "message": "CL identity mismatch for cluster 180156: expected 'Missouri v. Seibert' but cluster names 'United States v. Capers' [L3]"}
{"lint": "LINT-1", "file": "content/legal-system-research-and-reference/Case Index.md", "line": 531, "severity": "high", "message": "CL identity mismatch for cluster 1461978: expected 'New York v. Quarles's' but cluster names 'United States v. Liddell' [L3]"}
{"lint": "LINT-1", "file": "content/legal-system-research-and-reference/Case Index.md", "line": 535, "severity": "high", "message": "CL identity mismatch for cluster 8443943: expected 'Byrd v. United States' but cluster names 'United States v. Lyle' [L3]"}
{"lint": "LINT-1", "file": "content/legal-system-research-and-reference/Case Index.md", "line": 536, "severity": "high", "message": "CL identity mismatch for cluster 521939: expected 'Payton v. New York' but cluster names 'United States v. Arthur Maez' [L3]"}
{"lint": "LINT-1", "file": "content/legal-system-research-and-reference/Case Index.md", "line": 542, "severity": "high", "message": "CL identity mismatch for cluster 4742862: expected 'Rodriguez v. United States' but cluster names 'United States v. Mayville' [L3]"}
{"lint": "LINT-1", "file": "content/legal-system-research-and-reference/Case Index.md", "line": 560, "severity": "high", "message": "CL identity mismatch for cluster 9456060: expected 'United States v. Eatherton' but cluster names 'United States v. Perez' [L3]"}
{"lint": "LINT-1", "file": "content/legal-system-research-and-reference/Case Index.md", "line": 592, "severity": "high", "message": "CL identity mismatch for cluster 187527: expected 'Michigan v. Long' but cluster names 'United States v. Vinton' [L3]"}
{"lint": "LINT-1", "file": "content/legal-system-research-and-reference/Case Index.md", "line": 593, "severity": "high", "message": "CL identity mismatch for cluster 111551: expected 'Barker v. Wingo' but cluster names 'United States v. Von Neumann' [L3]"}
{"lint": "LINT-1", "file": "content/legal-system-research-and-reference/Case Index.md", "line": 598, "severity": "high", "message": "CL identity mismatch for cluster 793121: expected 'Under Missouri v. Seibert' but cluster names 'United States v. Tashiri Wayne Williams' [L3]"}
{"lint": "LINT-1", "file": "content/legal-system-research-and-reference/Case Index.md", "line": 623, "severity": "high", "message": "CL identity mismatch for cluster 104709: expected 'Mapp v. Ohio.' but cluster names 'Wolf v. Colorado' [L3]"}
{"lint": "LINT-1", "file": "content/searches/Abandonment.md", "line": 77, "severity": "high", "message": "CL identity mismatch for cluster 110325: expected 'Jones v. United States' but cluster names 'United States v. Salvucci' [L3]"}
{"lint": "LINT-1", "file": "content/searches/Aerial and Enhanced Surveillance.md", "line": 97, "severity": "high", "message": "CL identity mismatch for cluster 2094497: expected 'Florida v. Jardines' but cluster names 'In Re Hanford Nuclear Reservation Litigation' [L3]"}
{"lint": "LINT-1", "file": "content/searches/the-third-party-doctrine-and-digital-surveillance/Third-Party Doctrine and CSLI.md", "line": 120, "severity": "high", "message": "CL identity mismatch for cluster 4772500: expected 'United States v. Gratkowski' but cluster names 'Ostanek v. Ostanek' [L3]"}
{"lint": "LINT-1", "file": "content/seizures/Collective Knowledge and the Fellow-Officer Rule.md", "line": 64, "severity": "high", "message": "CL identity mismatch for cluster 3040421: expected 'United States v. Nafzger' but cluster names 'United States v. Ramirez' [L3]"}
{"lint": "LINT-1", "file": "content/seizures/Collective Knowledge and the Fellow-Officer Rule.md", "line": 66, "severity": "high", "message": "CL identity mismatch for cluster 9407224: expected 'United States v. Cook' but cluster names 'United States v. Balser' [L3]"}
{"lint": "LINT-1", "file": "content/seizures/Terry Stops and Reasonable Suspicion.md", "line": 156, "severity": "high", "message": "CL identity mismatch for cluster 112879: expected 'Minnesota v. Dickerson' but cluster names 'Wisconsin v. Mitchell' [L3]"}
{"lint": "LINT-1", "file": "content/the-exclusionary-rule-remedies-and-standing/Standing to Challenge a Search.md", "line": 41, "severity": "high", "message": "CL identity mismatch for cluster 110325: expected 'Jones v. United States' but cluster names 'United States v. Salvucci' [L3]"}
{"lint": "LINT-1", "file": "content/the-right-to-counsel/Sixth Amendment Right to Counsel.md", "line": 53, "severity": "high", "message": "CL identity mismatch for cluster 145873: expected 'Michigan v. Jackson' but cluster names 'Montejo v. Louisiana' [L3]"}
{"lint": "LINT-1", "file": "content/warrant-exceptions/programmatic-and-special-needs-searches/Special Needs and Administrative Searches.md", "line": 151, "severity": "high", "message": "CL identity mismatch for cluster 117964: expected 'J v. Acton' but cluster names 'Vernonia School District 47J v. Acton' [L3]"}
{"lint": "LINT-1", "file": "content/warrant-exceptions/searching-a-person/SIA Alcohol Tests.md", "line": 78, "severity": "high", "message": "CL identity mismatch for cluster 882802: expected 'Missouri v. McNeely' but cluster names 'State v. Rentmeister' [L3]"}
{"lint": "LINT-1", "file": "content/warrant-exceptions/searching-a-person/SIA Alcohol Tests.md", "line": 79, "severity": "high", "message": "CL identity mismatch for cluster 4218101: expected 'Mitchell v. Wisconsin' but cluster names 'Spokane Savings & Loan Society v. Park Vista Improvement Co.' [L3]"}
